Copyright 1986-2022 Xilinx, Inc. All Rights Reserved. Copyright 2022-2024 Advanced Micro Devices, Inc. All Rights Reserved.
---------------------------------------------------------------------------------------------------------------------------------------------
| Tool Version : Vivado v.2024.2 (lin64) Build 5239630 Fri Nov 08 22:34:34 MST 2024
| Date         : Tue Mar 31 16:52:27 2026
| Host         : APPLETEA running 64-bit Ubuntu 25.10
| Command      : report_drc -file fan_system_top_drc_routed.rpt -pb fan_system_top_drc_routed.pb -rpx fan_system_top_drc_routed.rpx
| Design       : fan_system_top
| Device       : xc7a35tcpg236-1
| Speed File   : -1
| Design State : Fully Routed
---------------------------------------------------------------------------------------------------------------------------------------------

Report DRC

Table of Contents
-----------------
1. REPORT SUMMARY
2. REPORT DETAILS

1. REPORT SUMMARY
-----------------
            Netlist: netlist
          Floorplan: design_1
      Design limits: <entire design considered>
           Ruledeck: default
             Max checks: <unlimited>
             Checks found: 1
+--------+----------+---------------------------------+--------+
| Rule   | Severity | Description                     | Checks |
+--------+----------+---------------------------------+--------+
| RPBF-3 | Warning  | IO port buffering is incomplete | 1      |
+--------+----------+---------------------------------+--------+

2. REPORT DETAILS
-----------------
RPBF-3#1 Warning
IO port buffering is incomplete  
Device port sda expects both input and output buffering but the buffers are incomplete.
Related violations: <none>


