Copyright 1986-2022 Xilinx, Inc. All Rights Reserved. Copyright 2022-2024 Advanced Micro Devices, Inc. All Rights Reserved.
---------------------------------------------------------------------------------------------------------------------------------------------
| Tool Version : Vivado v.2024.2 (lin64) Build 5239630 Fri Nov 08 22:34:34 MST 2024
| Date         : Tue Mar 31 16:52:17 2026
| Host         : APPLETEA running 64-bit Ubuntu 25.10
| Command      : report_control_sets -verbose -file fan_system_top_control_sets_placed.rpt
| Design       : fan_system_top
| Device       : xc7a35t
---------------------------------------------------------------------------------------------------------------------------------------------

Control Set Information

Table of Contents
-----------------
1. Summary
2. Histogram
3. Flip-Flop Distribution
4. Detailed Control Set Information

1. Summary
----------

+----------------------------------------------------------+-------+
|                          Status                          | Count |
+----------------------------------------------------------+-------+
| Total control sets                                       |    17 |
|    Minimum number of control sets                        |    17 |
|    Addition due to synthesis replication                 |     0 |
|    Addition due to physical synthesis replication        |     0 |
| Unused register locations in slices containing registers |    49 |
+----------------------------------------------------------+-------+
* Control sets can be merged at opt_design using control_set_merge or merge_equivalent_drivers
** Run report_qor_suggestions for automated merging and remapping suggestions


2. Histogram
------------

+--------------------+-------+
|       Fanout       | Count |
+--------------------+-------+
| Total control sets |    17 |
| >= 0 to < 4        |     0 |
| >= 4 to < 6        |     3 |
| >= 6 to < 8        |     5 |
| >= 8 to < 10       |     0 |
| >= 10 to < 12      |     2 |
| >= 12 to < 14      |     0 |
| >= 14 to < 16      |     0 |
| >= 16              |     7 |
+--------------------+-------+
* Control sets can be remapped at either synth_design or opt_design


3. Flip-Flop Distribution
-------------------------

+--------------+-----------------------+------------------------+-----------------+--------------+
| Clock Enable | Synchronous Set/Reset | Asynchronous Set/Reset | Total Registers | Total Slices |
+--------------+-----------------------+------------------------+-----------------+--------------+
| No           | No                    | No                     |              18 |            6 |
| No           | No                    | Yes                    |              62 |           25 |
| No           | Yes                   | No                     |               0 |            0 |
| Yes          | No                    | No                     |               2 |            1 |
| Yes          | No                    | Yes                    |             143 |           43 |
| Yes          | Yes                   | No                     |              22 |            7 |
+--------------+-----------------------+------------------------+-----------------+--------------+


4. Detailed Control Set Information
-----------------------------------

+----------------+------------------------------------+------------------------------+------------------+----------------+--------------+
|  Clock Signal  |            Enable Signal           |       Set/Reset Signal       | Slice Load Count | Bel Load Count | Bels / Slice |
+----------------+------------------------------------+------------------------------+------------------+----------------+--------------+
|  clk_IBUF_BUFG | u_dht11/ed_inst/temp_data          |                              |                1 |              4 |         4.00 |
|  clk_IBUF_BUFG | u_lcd/u_i2c/bit_cnt                | reset_p_IBUF                 |                1 |              4 |         4.00 |
|  clk_IBUF_BUFG | u_lcd/pw_cnt                       | reset_p_IBUF                 |                1 |              5 |         5.00 |
|  clk_IBUF_BUFG | u_dht11/ed_inst/E[0]               | reset_p_IBUF                 |                2 |              6 |         3.00 |
|  clk_IBUF_BUFG | u_dht11/ed_inst/cnt_data_reg[5][0] | reset_p_IBUF                 |                2 |              6 |         3.00 |
|  clk_IBUF_BUFG | u_lcd/step[5]_i_1_n_0              | reset_p_IBUF                 |                2 |              6 |         3.00 |
|  clk_IBUF_BUFG | u_lcd/u_i2c/tx_nibble_only_reg[0]  | reset_p_IBUF                 |                2 |              7 |         3.50 |
|  clk_IBUF_BUFG | u_lcd/u_i2c/shift_reg_0            | reset_p_IBUF                 |                2 |              7 |         3.50 |
|  clk_IBUF_BUFG | u_lcd/clk_us                       | reset_p_IBUF                 |                3 |             10 |         3.33 |
|  clk_IBUF_BUFG | u_lcd/clk_ms                       | reset_p_IBUF                 |                3 |             10 |         3.33 |
|  clk_IBUF_BUFG | u_lcd/u_i2c/E[0]                   | reset_p_IBUF                 |                2 |             16 |         8.00 |
|  clk_IBUF_BUFG | u_dht11/humidity[7]_i_1_n_0        | reset_p_IBUF                 |                4 |             16 |         4.00 |
|  clk_IBUF_BUFG | u_lcd/tx_start                     | reset_p_IBUF                 |               11 |             18 |         1.64 |
|  clk_IBUF_BUFG |                                    |                              |                6 |             18 |         3.00 |
|  clk_IBUF_BUFG | u_dht11/ed_inst/state_reg[5]       | u_dht11/ed_inst/state_reg[0] |                7 |             22 |         3.14 |
|  clk_IBUF_BUFG | u_dht11/ed_inst/temp_data          | reset_p_IBUF                 |                8 |             32 |         4.00 |
|  clk_IBUF_BUFG |                                    | reset_p_IBUF                 |               25 |             62 |         2.48 |
+----------------+------------------------------------+------------------------------+------------------+----------------+--------------+


