Copyright 1986-2022 Xilinx, Inc. All Rights Reserved. Copyright 2022-2024 Advanced Micro Devices, Inc. All Rights Reserved.
---------------------------------------------------------------------------------------------------------------------------------------------
| Tool Version : Vivado v.2024.2 (lin64) Build 5239630 Fri Nov 08 22:34:34 MST 2024
| Date         : Mon Mar 30 16:35:01 2026
| Host         : kwakyj91 running 64-bit Ubuntu 24.04.4 LTS
| Command      : report_control_sets -verbose -file fan_auto_system_top_control_sets_placed.rpt
| Design       : fan_auto_system_top
| Device       : xc7a35t
---------------------------------------------------------------------------------------------------------------------------------------------

Control Set Information

Table of Contents
-----------------
1. Summary
2. Histogram
3. Flip-Flop Distribution
4. Detailed Control Set Information

1. Summary
----------

+----------------------------------------------------------+-------+
|                          Status                          | Count |
+----------------------------------------------------------+-------+
| Total control sets                                       |    15 |
|    Minimum number of control sets                        |    15 |
|    Addition due to synthesis replication                 |     0 |
|    Addition due to physical synthesis replication        |     0 |
| Unused register locations in slices containing registers |    41 |
+----------------------------------------------------------+-------+
* Control sets can be merged at opt_design using control_set_merge or merge_equivalent_drivers
** Run report_qor_suggestions for automated merging and remapping suggestions


2. Histogram
------------

+--------------------+-------+
|       Fanout       | Count |
+--------------------+-------+
| Total control sets |    15 |
| >= 0 to < 4        |     1 |
| >= 4 to < 6        |     2 |
| >= 6 to < 8        |     4 |
| >= 8 to < 10       |     2 |
| >= 10 to < 12      |     0 |
| >= 12 to < 14      |     0 |
| >= 14 to < 16      |     0 |
| >= 16              |     6 |
+--------------------+-------+
* Control sets can be remapped at either synth_design or opt_design


3. Flip-Flop Distribution
-------------------------

+--------------+-----------------------+------------------------+-----------------+--------------+
| Clock Enable | Synchronous Set/Reset | Asynchronous Set/Reset | Total Registers | Total Slices |
+--------------+-----------------------+------------------------+-----------------+--------------+
| No           | No                    | No                     |               1 |            1 |
| No           | No                    | Yes                    |              55 |           22 |
| No           | Yes                   | No                     |               0 |            0 |
| Yes          | No                    | No                     |              22 |            5 |
| Yes          | No                    | Yes                    |             107 |           29 |
| Yes          | Yes                   | No                     |              22 |            7 |
+--------------+-----------------------+------------------------+-----------------+--------------+


4. Detailed Control Set Information
-----------------------------------

+---------------------------------------------+----------------------------------------------------+-------------------------------+------------------+----------------+--------------+
|                 Clock Signal                |                    Enable Signal                   |        Set/Reset Signal       | Slice Load Count | Bel Load Count | Bels / Slice |
+---------------------------------------------+----------------------------------------------------+-------------------------------+------------------+----------------+--------------+
|  clk_IBUF_BUFG                              |                                                    |                               |                1 |              1 |         1.00 |
|  clk_IBUF_BUFG                              | u_dht11/ed/temp_data                               |                               |                1 |              4 |         4.00 |
|  clk_IBUF_BUFG                              | u_lcd/lcd_send_inst/FSM_sequential_state_reg[3][0] | reset_p_IBUF                  |                3 |              5 |         1.67 |
|  u_lcd/lcd_send_inst/master/i2c_clk_reg_n_0 | u_lcd/lcd_send_inst/master/data_reg[7]_i_1_n_0     |                               |                1 |              6 |         6.00 |
|  clk_IBUF_BUFG                              | u_lcd/lcd_send_inst/data[7]_i_1_n_0                |                               |                1 |              6 |         6.00 |
|  clk_IBUF_BUFG                              | u_dht11/ed/E[0]                                    | reset_p_IBUF                  |                2 |              6 |         3.00 |
|  clk_IBUF_BUFG                              | u_dht11/ed/cnt_data_reg[5][0]                      | reset_p_IBUF                  |                2 |              6 |         3.00 |
|  clk_IBUF_BUFG                              | u_lcd/lcd_send_inst/E[0]                           |                               |                2 |              8 |         4.00 |
|  u_lcd/lcd_send_inst/master/i2c_clk_reg_n_0 |                                                    | reset_p_IBUF                  |                4 |              9 |         2.25 |
|  clk_IBUF_BUFG                              | u_dht11/humidity[7]_i_1_n_0                        | reset_p_IBUF                  |                6 |             16 |         2.67 |
|  clk_IBUF_BUFG                              | u_lcd/wait_cnt                                     | reset_p_IBUF                  |                5 |             20 |         4.00 |
|  clk_IBUF_BUFG                              | u_dht11/ed/state_reg[2]                            | u_dht11/usec_clk/state_reg[0] |                7 |             22 |         3.14 |
|  clk_IBUF_BUFG                              | u_lcd/lcd_send_inst/ed_start/E[0]                  | reset_p_IBUF                  |                5 |             22 |         4.40 |
|  clk_IBUF_BUFG                              | u_dht11/ed/temp_data                               | reset_p_IBUF                  |                6 |             32 |         5.33 |
|  clk_IBUF_BUFG                              |                                                    | reset_p_IBUF                  |               18 |             46 |         2.56 |
+---------------------------------------------+----------------------------------------------------+-------------------------------+------------------+----------------+--------------+


