#-----------------------------------------------------------
# Vivado v2024.2 (64-bit)
# SW Build 5239630 on Fri Nov 08 22:34:34 MST 2024
# IP Build 5239520 on Sun Nov 10 16:12:51 MST 2024
# SharedData Build 5239561 on Fri Nov 08 14:39:27 MST 2024
# Start of session at: Wed Mar 25 12:21:05 2026
# Process ID         : 26823
# Current directory  : /home/kwakyj91/workspace_ondevice_2/fpga/combination_logic/combination_logic.runs/synth_1
# Command line       : vivado -log ring_counter_led_flag.vds -product Vivado -mode batch -messageDb vivado.pb -notrace -source ring_counter_led_flag.tcl
# Log file           : /home/kwakyj91/workspace_ondevice_2/fpga/combination_logic/combination_logic.runs/synth_1/ring_counter_led_flag.vds
# Journal file       : /home/kwakyj91/workspace_ondevice_2/fpga/combination_logic/combination_logic.runs/synth_1/vivado.jou
# Running On         : kwakyj91
# Platform           : Ubuntu
# Operating System   : Ubuntu 24.04.4 LTS
# Processor Detail   : AMD Ryzen AI 5 330 w/ Radeon 820M
# CPU Frequency      : 4213.162 MHz
# CPU Physical cores : 4
# CPU Logical cores  : 8
# Host memory        : 32714 MB
# Swap memory        : 8589 MB
# Total Virtual      : 41304 MB
# Available Virtual  : 37599 MB
#-----------------------------------------------------------
source ring_counter_led_flag.tcl -notrace
